#
# There is insufficient memory for the Java Runtime Environment to continue.
# Native memory allocation (malloc) failed to allocate 457456 bytes. Error detail: Chunk::new
# Possible reasons:
#   The system is out of physical RAM or swap space
#   This process is running with CompressedOops enabled, and the Java Heap may be blocking the growth of the native heap
# Possible solutions:
#   Reduce memory load on the system
#   Increase physical memory or swap space
#   Check if swap backing store is full
#   Decrease Java heap size (-Xmx/-Xms)
#   Decrease number of Java threads
#   Decrease Java thread stack sizes (-Xss)
#   Set larger code cache with -XX:ReservedCodeCacheSize=
#   JVM is running with Unscaled Compressed Oops mode in which the Java heap is
#     placed in the first 4GB address space. The Java Heap base address is the
#     maximum limit for the native heap growth. Please use -XX:HeapBaseMinAddress
#     to set the Java Heap base and to place the Java Heap above 4GB virtual address.
# This output file may be truncated or incomplete.
#
#  Out of Memory Error (arena.cpp:168), pid=25612, tid=24880
#
# JRE version: OpenJDK Runtime Environment Temurin-21.0.11+10 (21.0.11+10) (build 21.0.11+10-LTS)
# Java VM: OpenJDK 64-Bit Server VM Temurin-21.0.11+10 (21.0.11+10-LTS, mixed mode, sharing, tiered, compressed oops, compressed class ptrs, parallel gc, windows-amd64)
# No core dump will be written. Minidumps are not enabled by default on client versions of Windows
#

---------------  S U M M A R Y ------------

Command Line: --add-modules=ALL-SYSTEM --add-opens=java.base/java.util=ALL-UNNAMED --add-opens=java.base/java.lang=ALL-UNNAMED --add-opens=java.base/sun.nio.fs=ALL-UNNAMED -Declipse.application=org.eclipse.jdt.ls.core.id1 -Dosgi.bundles.defaultStartLevel=4 -Declipse.product=org.eclipse.jdt.ls.core.product -Djava.import.generatesMetadataFilesAtProjectRoot=false -DDetectVMInstallationsJob.disabled=true -Dfile.encoding=utf8 -XX:+UseParallelGC -XX:GCTimeRatio=4 -XX:AdaptiveSizePolicyWeight=90 -Dsun.zip.disableMemoryMapping=true -Xmx2G -Xms100m -Xlog:disable -javaagent:c:\Users\thato\.vscode\extensions\redhat.java-1.55.0-win32-x64\lombok\lombok-1.18.39-4050.jar c:\Users\thato\.vscode\extensions\redhat.java-1.55.0-win32-x64\server\plugins\org.eclipse.equinox.launcher_1.7.200.v20260619-2039.jar -configuration c:\Users\thato\AppData\Roaming\Code\User\globalStorage\redhat.java\1.55.0\config_ss_win -data c:\Users\thato\AppData\Roaming\Code\User\workspaceStorage\fdaac9f8ea1dd89cf8fb0ce9ab7427f0\redhat.java\ss_ws --pipe=\\.\pipe\lsp-83a0f55f9d3429c44527756bbd376e61-sock

Host: 11th Gen Intel(R) Core(TM) i5-1135G7 @ 2.40GHz, 8 cores, 15G,  Windows 11 , 64 bit Build 26100 (10.0.26100.9168)
Time: Tue Aug 18 10:10:19 2026 South Africa Standard Time elapsed time: 3.197515 seconds (0d 0h 0m 3s)

---------------  T H R E A D  ---------------

Current thread (0x0000025a206a6140):  JavaThread "C2 CompilerThread1" daemon [_thread_in_native, id=24880, stack(0x000000f57d800000,0x000000f57d900000) (1024K)]


Current CompileTask:
C2:3197 1354       4       lombok.launch.PackageShader::apply (252 bytes)

Stack: [0x000000f57d800000,0x000000f57d900000]
Native frames: (J=compiled Java code, j=interpreted, Vv=VM code, C=native code)
V  [jvm.dll+0x6d7e19]
V  [jvm.dll+0x8b5096]
V  [jvm.dll+0x8b764e]
V  [jvm.dll+0x8b7d33]
V  [jvm.dll+0x284596]
V  [jvm.dll+0xc685d]
V  [jvm.dll+0xc6da1]
V  [jvm.dll+0x2fb4ee]
V  [jvm.dll+0x5fe9a4]
V  [jvm.dll+0x255d67]
V  [jvm.dll+0x25612d]
V  [jvm.dll+0x24e6a0]
V  [jvm.dll+0x24bbe6]
V  [jvm.dll+0x1cb4ae]
V  [jvm.dll+0x25baad]
V  [jvm.dll+0x25a03a]
V  [jvm.dll+0x3f868e]
V  [jvm.dll+0x85fb0d]
V  [jvm.dll+0x6d664d]
C  [ucrtbase.dll+0x2cd30]
C  [KERNEL32.DLL+0x2ccb7]
C  [ntdll.dll+0xaad6c]


---------------  P R O C E S S  ---------------

Threads class SMR info:
_java_thread_list=0x0000025a2080ff30, length=12, elements={
0x00000259c24fe370, 0x00000259d8f6f740, 0x00000259d8f71c20, 0x00000259d8f773f0,
0x00000259d8f7a310, 0x00000259d8f7ad70, 0x00000259d8f7b7d0, 0x00000259d8f7e620,
0x00000259d8f9e530, 0x0000025a1ba6f450, 0x0000025a1bbe6610, 0x0000025a206a6140
}

Java Threads: ( => current thread )
  0x00000259c24fe370 JavaThread "main"                              [_thread_in_vm, id=24236, stack(0x000000f57cb00000,0x000000f57cc00000) (1024K)]
  0x00000259d8f6f740 JavaThread "Reference Handler"          daemon [_thread_blocked, id=16324, stack(0x000000f57cf00000,0x000000f57d000000) (1024K)]
  0x00000259d8f71c20 JavaThread "Finalizer"                  daemon [_thread_blocked, id=16736, stack(0x000000f57d000000,0x000000f57d100000) (1024K)]
  0x00000259d8f773f0 JavaThread "Signal Dispatcher"          daemon [_thread_blocked, id=26252, stack(0x000000f57d100000,0x000000f57d200000) (1024K)]
  0x00000259d8f7a310 JavaThread "Attach Listener"            daemon [_thread_blocked, id=2108, stack(0x000000f57d200000,0x000000f57d300000) (1024K)]
  0x00000259d8f7ad70 JavaThread "Service Thread"             daemon [_thread_blocked, id=23544, stack(0x000000f57d300000,0x000000f57d400000) (1024K)]
  0x00000259d8f7b7d0 JavaThread "Monitor Deflation Thread"   daemon [_thread_blocked, id=25980, stack(0x000000f57d400000,0x000000f57d500000) (1024K)]
  0x00000259d8f7e620 JavaThread "C2 CompilerThread0"         daemon [_thread_in_native, id=22916, stack(0x000000f57d500000,0x000000f57d600000) (1024K)]
  0x00000259d8f9e530 JavaThread "C1 CompilerThread0"         daemon [_thread_blocked, id=3356, stack(0x000000f57d600000,0x000000f57d700000) (1024K)]
  0x0000025a1ba6f450 JavaThread "Common-Cleaner"             daemon [_thread_blocked, id=24488, stack(0x000000f57d700000,0x000000f57d800000) (1024K)]
  0x0000025a1bbe6610 JavaThread "Notification Thread"        daemon [_thread_blocked, id=24620, stack(0x000000f57d900000,0x000000f57da00000) (1024K)]
=>0x0000025a206a6140 JavaThread "C2 CompilerThread1"         daemon [_thread_in_native, id=24880, stack(0x000000f57d800000,0x000000f57d900000) (1024K)]
Total: 12

Other Threads:
  0x00000259d8f62d40 VMThread "VM Thread"                           [id=12976, stack(0x000000f57ce00000,0x000000f57cf00000) (1024K)]
  0x00000259c2566ea0 WatcherThread "VM Periodic Task Thread"        [id=20716, stack(0x000000f57cd00000,0x000000f57ce00000) (1024K)]
  0x00000259c251b780 WorkerThread "GC Thread#0"                     [id=23204, stack(0x000000f57cc00000,0x000000f57cd00000) (1024K)]
  0x0000025a205ebdf0 WorkerThread "GC Thread#1"                     [id=24516, stack(0x000000f57da00000,0x000000f57db00000) (1024K)]
  0x0000025a205ec1a0 WorkerThread "GC Thread#2"                     [id=18224, stack(0x000000f57db00000,0x000000f57dc00000) (1024K)]
  0x0000025a209fb0c0 WorkerThread "GC Thread#3"                     [id=22440, stack(0x000000f57dc00000,0x000000f57dd00000) (1024K)]
  0x0000025a209fb470 WorkerThread "GC Thread#4"                     [id=23656, stack(0x000000f57dd00000,0x000000f57de00000) (1024K)]
  0x0000025a209fb820 WorkerThread "GC Thread#5"                     [id=7868, stack(0x000000f57de00000,0x000000f57df00000) (1024K)]
  0x0000025a209fbbd0 WorkerThread "GC Thread#6"                     [id=23428, stack(0x000000f57df00000,0x000000f57e000000) (1024K)]
Total: 9

Threads with active compile tasks:
C2 CompilerThread0  3256 1358       4       jdk.internal.jimage.ImageLocation::verify (218 bytes)
C2 CompilerThread1  3257 1354       4       lombok.launch.PackageShader::apply (252 bytes)
Total: 2

VM state: not at safepoint (normal execution)

VM Mutex/Monitor currently owned by a thread: None

Heap address: 0x0000000080000000, size: 2048 MB, Compressed Oops mode: 32-bit

CDS archive(s) mapped at: [0x00000259d9000000-0x00000259d9ba0000-0x00000259d9ba0000), size 12189696, SharedBaseAddress: 0x00000259d9000000, ArchiveRelocationMode: 1.
Compressed class space mapped at: 0x00000259da000000-0x0000025a1a000000, reserved size: 1073741824
Narrow klass base: 0x00000259d9000000, Narrow klass shift: 0, Narrow klass range: 0x100000000

GC Precious Log:
 CardTable entry size: 512
 CPUs: 8 total, 8 available
 Memory: 16064M
 Large Page Support: Disabled
 NUMA Support: Disabled
 Compressed Oops: Enabled (32-bit)
 Alignments: Space 512K, Generation 512K, Heap 2M
 Heap Min Capacity: 100M
 Heap Initial Capacity: 100M
 Heap Max Capacity: 2G
 Pre-touch: Disabled
 Parallel Workers: 8

Heap:
 PSYoungGen      total 29696K, used 14094K [0x00000000d5580000, 0x00000000d7680000, 0x0000000100000000)
  eden space 25600K, 42% used [0x00000000d5580000,0x00000000d60099b0,0x00000000d6e80000)
  from space 4096K, 80% used [0x00000000d6e80000,0x00000000d71b9e98,0x00000000d7280000)
  to   space 4096K, 0% used [0x00000000d7280000,0x00000000d7280000,0x00000000d7680000)
 ParOldGen       total 68608K, used 16K [0x0000000080000000, 0x0000000084300000, 0x00000000d5580000)
  object space 68608K, 0% used [0x0000000080000000,0x0000000080004000,0x0000000084300000)
 Metaspace       used 6256K, committed 6528K, reserved 1114112K
  class space    used 636K, committed 768K, reserved 1048576K

Card table byte_map: [0x00000259c1eb0000,0x00000259c22c0000] _byte_map_base: 0x00000259c1ab0000

Marking Bits: (ParMarkBitMap*) 0x00007ffe4edc4460
 Begin Bits: [0x00000259d49a0000, 0x00000259d69a0000)
 End Bits:   [0x00000259d69a0000, 0x00000259d89a0000)

Polling page: 0x00000259c03e0000

Metaspace:

Usage:
  Non-class:      5.49 MB used.
      Class:    636.79 KB used.
       Both:      6.11 MB used.

Virtual space:
  Non-class space:       64.00 MB reserved,       5.62 MB (  9%) committed,  1 nodes.
      Class space:        1.00 GB reserved,     768.00 KB ( <1%) committed,  1 nodes.
             Both:        1.06 GB reserved,       6.38 MB ( <1%) committed. 

Chunk freelists:
   Non-Class:  9.88 MB
       Class:  15.06 MB
        Both:  24.94 MB

MaxMetaspaceSize: unlimited
CompressedClassSpaceSize: 1.00 GB
Initial GC threshold: 21.00 MB
Current GC threshold: 21.00 MB
CDS: on
 - commit_granule_bytes: 65536.
 - commit_granule_words: 8192.
 - virtual_space_node_default_size: 8388608.
 - enlarge_chunks_in_place: 1.
 - use_allocation_guard: 0.


Internal statistics:

num_allocs_failed_limit: 0.
num_arena_births: 190.
num_arena_deaths: 0.
num_vsnodes_births: 2.
num_vsnodes_deaths: 0.
num_space_committed: 102.
num_space_uncommitted: 0.
num_chunks_returned_to_freelist: 0.
num_chunks_taken_from_freelist: 320.
num_chunk_merges: 0.
num_chunk_splits: 206.
num_chunks_enlarged: 132.
num_inconsistent_stats: 0.

CodeHeap 'non-profiled nmethods': size=120000Kb used=579Kb max_used=579Kb free=119420Kb
 bounds [0x00000259cd1c0000, 0x00000259cd430000, 0x00000259d46f0000]
CodeHeap 'profiled nmethods': size=120000Kb used=2313Kb max_used=2313Kb free=117686Kb
 bounds [0x00000259c56f0000, 0x00000259c5960000, 0x00000259ccc20000]
CodeHeap 'non-nmethods': size=5760Kb used=1216Kb max_used=1245Kb free=4543Kb
 bounds [0x00000259ccc20000, 0x00000259cce90000, 0x00000259cd1c0000]
CodeCache: size=245760Kb, used=4108Kb, max_used=4137Kb, free=241649Kb
 total_blobs=1830, nmethods=1359, adapters=378, full_count=0
Compilation: enabled, stopped_count=0, restarted_count=0

Compilation events (20 events):
Event: 3.133 Thread 0x00000259d8f9e530 nmethod 1347 0x00000259c592ea90 code [0x00000259c592ec80, 0x00000259c592f0d0]
Event: 3.133 Thread 0x00000259d8f9e530 1348       3       org.lombokweb.asm.ClassReader::getItem (7 bytes)
Event: 3.134 Thread 0x00000259d8f9e530 nmethod 1348 0x00000259c592f390 code [0x00000259c592f540, 0x00000259c592f678]
Event: 3.134 Thread 0x00000259d8f9e530 1349       3       org.lombokweb.asm.SymbolTable::hash (10 bytes)
Event: 3.134 Thread 0x00000259d8f9e530 nmethod 1349 0x00000259c592f790 code [0x00000259c592f940, 0x00000259c592fa70]
Event: 3.134 Thread 0x00000259d8f9e530 1350       3       org.lombokweb.asm.Symbol::<init> (38 bytes)
Event: 3.134 Thread 0x00000259d8f9e530 nmethod 1350 0x00000259c592fb90 code [0x00000259c592fd40, 0x00000259c592ff00]
Event: 3.134 Thread 0x00000259d8f9e530 1351       3       org.lombokweb.asm.SymbolTable::add (39 bytes)
Event: 3.135 Thread 0x00000259d8f9e530 nmethod 1351 0x00000259c5930010 code [0x00000259c59301c0, 0x00000259c5930480]
Event: 3.135 Thread 0x00000259d8f9e530 1353       3       java.io.File::getAbsolutePath (8 bytes)
Event: 3.135 Thread 0x00000259d8f9e530 nmethod 1353 0x00000259c5930610 code [0x00000259c59307c0, 0x00000259c5930910]
Event: 3.136 Thread 0x0000025a206a6140 1354       4       lombok.launch.PackageShader::apply (252 bytes)
Event: 3.147 Thread 0x00000259d8f9e530 1355       3       org.lombokweb.asm.ClassReader::readUTF8 (23 bytes)
Event: 3.147 Thread 0x00000259d8f7e620 nmethod 1319 0x00000259cd24f890 code [0x00000259cd24fae0, 0x00000259cd2501e0]
Event: 3.148 Thread 0x00000259d8f9e530 nmethod 1355 0x00000259c5930990 code [0x00000259c5930b60, 0x00000259c5930da8]
Event: 3.171 Thread 0x00000259d8f9e530 1356       3       java.lang.String::substring (10 bytes)
Event: 3.172 Thread 0x00000259d8f9e530 nmethod 1356 0x00000259c5930e90 code [0x00000259c5931060, 0x00000259c5931298]
Event: 3.173 Thread 0x00000259d8f9e530 1357       3       java.net.URI::toString (16 bytes)
Event: 3.174 Thread 0x00000259d8f9e530 nmethod 1357 0x00000259c5931390 code [0x00000259c5931540, 0x00000259c59316b8]
Event: 3.178 Thread 0x00000259d8f7e620 1358       4       jdk.internal.jimage.ImageLocation::verify (218 bytes)

GC Heap History (2 events):
Event: 2.324 GC heap before
{Heap before GC invocations=1 (full 0):
 PSYoungGen      total 29696K, used 25600K [0x00000000d5580000, 0x00000000d7680000, 0x0000000100000000)
  eden space 25600K, 100% used [0x00000000d5580000,0x00000000d6e80000,0x00000000d6e80000)
  from space 4096K, 0% used [0x00000000d7280000,0x00000000d7280000,0x00000000d7680000)
  to   space 4096K, 0% used [0x00000000d6e80000,0x00000000d6e80000,0x00000000d7280000)
 ParOldGen       total 68608K, used 0K [0x0000000080000000, 0x0000000084300000, 0x00000000d5580000)
  object space 68608K, 0% used [0x0000000080000000,0x0000000080000000,0x0000000084300000)
 Metaspace       used 4373K, committed 4608K, reserved 1114112K
  class space    used 475K, committed 576K, reserved 1048576K
}
Event: 2.339 GC heap after
{Heap after GC invocations=1 (full 0):
 PSYoungGen      total 29696K, used 3303K [0x00000000d5580000, 0x00000000d7680000, 0x0000000100000000)
  eden space 25600K, 0% used [0x00000000d5580000,0x00000000d5580000,0x00000000d6e80000)
  from space 4096K, 80% used [0x00000000d6e80000,0x00000000d71b9e98,0x00000000d7280000)
  to   space 4096K, 0% used [0x00000000d7280000,0x00000000d7280000,0x00000000d7680000)
 ParOldGen       total 68608K, used 16K [0x0000000080000000, 0x0000000084300000, 0x00000000d5580000)
  object space 68608K, 0% used [0x0000000080000000,0x0000000080004000,0x0000000084300000)
 Metaspace       used 4373K, committed 4608K, reserved 1114112K
  class space    used 475K, committed 576K, reserved 1048576K
}

Dll operation events (8 events):
Event: 0.024 Loaded shared library c:\Users\thato\.vscode\extensions\redhat.java-1.55.0-win32-x64\jre\21.0.11-win32-x86_64\bin\java.dll
Event: 0.290 Loaded shared library c:\Users\thato\.vscode\extensions\redhat.java-1.55.0-win32-x64\jre\21.0.11-win32-x86_64\bin\zip.dll
Event: 0.370 Loaded shared library C:\Users\thato\.vscode\extensions\redhat.java-1.55.0-win32-x64\jre\21.0.11-win32-x86_64\bin\instrument.dll
Event: 0.388 Loaded shared library C:\Users\thato\.vscode\extensions\redhat.java-1.55.0-win32-x64\jre\21.0.11-win32-x86_64\bin\net.dll
Event: 0.405 Loaded shared library C:\Users\thato\.vscode\extensions\redhat.java-1.55.0-win32-x64\jre\21.0.11-win32-x86_64\bin\nio.dll
Event: 0.416 Loaded shared library C:\Users\thato\.vscode\extensions\redhat.java-1.55.0-win32-x64\jre\21.0.11-win32-x86_64\bin\zip.dll
Event: 0.475 Loaded shared library C:\Users\thato\.vscode\extensions\redhat.java-1.55.0-win32-x64\jre\21.0.11-win32-x86_64\bin\jimage.dll
Event: 0.696 Loaded shared library c:\Users\thato\.vscode\extensions\redhat.java-1.55.0-win32-x64\jre\21.0.11-win32-x86_64\bin\verify.dll

Deoptimization events (20 events):
Event: 3.073 Thread 0x00000259c24fe370 DEOPT PACKING pc=0x00000259c578dc8d sp=0x000000f57cbf4900
Event: 3.073 Thread 0x00000259c24fe370 DEOPT UNPACKING pc=0x00000259ccc778e2 sp=0x000000f57cbf3db0 mode 0
Event: 3.077 Thread 0x00000259c24fe370 DEOPT PACKING pc=0x00000259c578dc8d sp=0x000000f57cbf4900
Event: 3.077 Thread 0x00000259c24fe370 DEOPT UNPACKING pc=0x00000259ccc778e2 sp=0x000000f57cbf3db0 mode 0
Event: 3.101 Thread 0x00000259c24fe370 DEOPT PACKING pc=0x00000259c578dc8d sp=0x000000f57cbf8360
Event: 3.102 Thread 0x00000259c24fe370 DEOPT UNPACKING pc=0x00000259ccc778e2 sp=0x000000f57cbf7810 mode 0
Event: 3.136 Thread 0x00000259c24fe370 DEOPT PACKING pc=0x00000259c578dc8d sp=0x000000f57cbf8320
Event: 3.136 Thread 0x00000259c24fe370 DEOPT UNPACKING pc=0x00000259ccc778e2 sp=0x000000f57cbf77d0 mode 0
Event: 3.160 Thread 0x00000259c24fe370 DEOPT PACKING pc=0x00000259c578dc8d sp=0x000000f57cbf4590
Event: 3.160 Thread 0x00000259c24fe370 DEOPT UNPACKING pc=0x00000259ccc778e2 sp=0x000000f57cbf3a40 mode 0
Event: 3.174 Thread 0x00000259c24fe370 DEOPT PACKING pc=0x00000259c578dc8d sp=0x000000f57cbf7ef0
Event: 3.174 Thread 0x00000259c24fe370 DEOPT UNPACKING pc=0x00000259ccc778e2 sp=0x000000f57cbf73a0 mode 0
Event: 3.183 Thread 0x00000259c24fe370 Uncommon trap: trap_request=0xffffffc6 fr.pc=0x00000259cd1f8fd0 relative=0x0000000000000290
Event: 3.183 Thread 0x00000259c24fe370 Uncommon trap: reason=bimorphic_or_optimized_type_check action=maybe_recompile pc=0x00000259cd1f8fd0 method=java.util.Collections$UnmodifiableCollection$1.next()Ljava/lang/Object; @ 4 c2
Event: 3.183 Thread 0x00000259c24fe370 DEOPT PACKING pc=0x00000259cd1f8fd0 sp=0x000000f57cbf8aa0
Event: 3.183 Thread 0x00000259c24fe370 DEOPT UNPACKING pc=0x00000259ccc76da2 sp=0x000000f57cbf8a50 mode 2
Event: 3.183 Thread 0x00000259c24fe370 Uncommon trap: trap_request=0xffffffc6 fr.pc=0x00000259cd1f8fd0 relative=0x0000000000000290
Event: 3.183 Thread 0x00000259c24fe370 Uncommon trap: reason=bimorphic_or_optimized_type_check action=maybe_recompile pc=0x00000259cd1f8fd0 method=java.util.Collections$UnmodifiableCollection$1.next()Ljava/lang/Object; @ 4 c2
Event: 3.183 Thread 0x00000259c24fe370 DEOPT PACKING pc=0x00000259cd1f8fd0 sp=0x000000f57cbf8aa0
Event: 3.183 Thread 0x00000259c24fe370 DEOPT UNPACKING pc=0x00000259ccc76da2 sp=0x000000f57cbf8a50 mode 2

Classes loaded (20 events):
Event: 2.892 Loading class java/util/concurrent/SynchronousQueue$Transferer
Event: 2.893 Loading class java/util/concurrent/LinkedTransferQueue
Event: 2.894 Loading class java/util/concurrent/TransferQueue
Event: 2.894 Loading class java/util/concurrent/TransferQueue done
Event: 2.894 Loading class java/util/concurrent/LinkedTransferQueue done
Event: 2.894 Loading class java/util/concurrent/SynchronousQueue$Transferer done
Event: 2.895 Loading class java/util/concurrent/LinkedTransferQueue$DualNode
Event: 2.895 Loading class java/util/concurrent/LinkedTransferQueue$DualNode done
Event: 2.898 Loading class java/util/concurrent/RejectedExecutionHandler
Event: 2.898 Loading class java/util/concurrent/RejectedExecutionHandler done
Event: 2.898 Loading class java/util/concurrent/LinkedBlockingQueue
Event: 2.899 Loading class java/util/concurrent/LinkedBlockingQueue done
Event: 2.899 Loading class java/util/concurrent/LinkedBlockingQueue$Node
Event: 2.899 Loading class java/util/concurrent/LinkedBlockingQueue$Node done
Event: 2.926 Loading class java/util/concurrent/Semaphore$NonfairSync
Event: 2.927 Loading class java/util/concurrent/Semaphore$Sync
Event: 2.927 Loading class java/util/concurrent/Semaphore$Sync done
Event: 2.927 Loading class java/util/concurrent/Semaphore$NonfairSync done
Event: 3.047 Loading class java/lang/TypeNotPresentException
Event: 3.047 Loading class java/lang/TypeNotPresentException done

Classes unloaded (0 events):
No events

Classes redefined (0 events):
No events

Internal exceptions (20 events):
Event: 1.706 Thread 0x00000259c24fe370 Exception <a 'java/io/FileNotFoundException'{0x00000000d64c8968}> (0x00000000d64c8968) 
thrown [s\src\hotspot\share\prims\jni.cpp, line 520]
Event: 1.706 Thread 0x00000259c24fe370 Exception <a 'java/io/FileNotFoundException'{0x00000000d64c95e0}> (0x00000000d64c95e0) 
thrown [s\src\hotspot\share\prims\jni.cpp, line 520]
Event: 1.706 Thread 0x00000259c24fe370 Exception <a 'java/io/FileNotFoundException'{0x00000000d64ca120}> (0x00000000d64ca120) 
thrown [s\src\hotspot\share\prims\jni.cpp, line 520]
Event: 1.716 Thread 0x00000259c24fe370 Implicit null exception at 0x00000259cd1ee324 to 0x00000259cd1ee924
Event: 1.726 Thread 0x00000259c24fe370 Exception <a 'java/io/FileNotFoundException'{0x00000000d65042b0}> (0x00000000d65042b0) 
thrown [s\src\hotspot\share\prims\jni.cpp, line 520]
Event: 1.757 Thread 0x00000259c24fe370 Exception <a 'java/lang/NoSuchMethodError'{0x00000000d6540530}: 'java.lang.Object java.lang.invoke.DirectMethodHandle$Holder.invokeInterface(java.lang.Object, java.lang.Object)'> (0x00000000d6540530) 
thrown [s\src\hotspot\share\interpreter\linkResolver.cpp, line 773]
Event: 1.765 Thread 0x00000259c24fe370 Exception <a 'java/lang/NoSuchMethodError'{0x00000000d6554050}: 'java.lang.Object java.lang.invoke.Invokers$Holder.invokeExact_MT(java.lang.Object, java.lang.Object, java.lang.Object, java.lang.Object, java.lang.Object, java.lang.Object)'> (0x00000000d6554050) 
thrown [s\src\hotspot\share\interpreter\linkResolver.cpp, line 773]
Event: 1.773 Thread 0x00000259c24fe370 Exception <a 'java/lang/NoSuchMethodError'{0x00000000d656b128}: 'int java.lang.invoke.DirectMethodHandle$Holder.invokeStatic(java.lang.Object, java.lang.Object, java.lang.Object, java.lang.Object, java.lang.Object)'> (0x00000000d656b128) 
thrown [s\src\hotspot\share\interpreter\linkResolver.cpp, line 773]
Event: 1.849 Thread 0x00000259c24fe370 Exception <a 'java/lang/NoSuchMethodError'{0x00000000d65ff860}: 'java.lang.Object java.lang.invoke.DirectMethodHandle$Holder.invokeInterface(java.lang.Object, java.lang.Object, int)'> (0x00000000d65ff860) 
thrown [s\src\hotspot\share\interpreter\linkResolver.cpp, line 773]
Event: 2.135 Thread 0x00000259c24fe370 Exception <a 'java/lang/NoSuchMethodError'{0x00000000d6a67268}: 'java.lang.ClassLoader java.lang.ClassLoader.getPlatformClassLoader(java.lang.Class)'> (0x00000000d6a67268) 
thrown [s\src\hotspot\share\interpreter\linkResolver.cpp, line 773]
Event: 2.345 Thread 0x00000259c24fe370 Exception <a 'java/lang/ClassNotFoundException'{0x00000000d5585890}: sun/net/www/protocol/c/Handler> (0x00000000d5585890) 
thrown [s\src\hotspot\share\classfile\systemDictionary.cpp, line 313]
Event: 2.349 Thread 0x00000259c24fe370 Exception <a 'java/lang/ClassNotFoundException'{0x00000000d5586c68}: sun/net/www/protocol/c/Handler> (0x00000000d5586c68) 
thrown [s\src\hotspot\share\classfile\systemDictionary.cpp, line 313]
Event: 2.349 Thread 0x00000259c24fe370 Exception <a 'java/lang/ClassNotFoundException'{0x00000000d5587ec0}: sun/net/www/protocol/c/Handler> (0x00000000d5587ec0) 
thrown [s\src\hotspot\share\classfile\systemDictionary.cpp, line 313]
Event: 2.392 Thread 0x00000259c24fe370 Exception <a 'java/io/FileNotFoundException'{0x00000000d55afb18}> (0x00000000d55afb18) 
thrown [s\src\hotspot\share\prims\jni.cpp, line 520]
Event: 2.567 Thread 0x00000259c24fe370 Implicit null exception at 0x00000259cd221229 to 0x00000259cd221ac8
Event: 2.568 Thread 0x00000259c24fe370 Implicit null exception at 0x00000259cd22859a to 0x00000259cd2287a4
Event: 2.574 Thread 0x00000259c24fe370 Exception <a 'java/lang/NoSuchMethodError'{0x00000000d56e1ce8}: 'void java.lang.invoke.DirectMethodHandle$Holder.invokeStatic(java.lang.Object, java.lang.Object, java.lang.Object, java.lang.Object)'> (0x00000000d56e1ce8) 
thrown [s\src\hotspot\share\interpreter\linkResolver.cpp, line 773]
Event: 2.593 Thread 0x00000259c24fe370 Implicit null exception at 0x00000259cd22423c to 0x00000259cd2244d4
Event: 2.594 Thread 0x00000259c24fe370 Implicit null exception at 0x00000259cd2224bd to 0x00000259cd222541
Event: 2.838 Thread 0x00000259c24fe370 Exception <a 'java/lang/NoSuchMethodError'{0x00000000d59a3320}: 'void java.lang.invoke.DirectMethodHandle$Holder.invokeSpecial(java.lang.Object, java.lang.Object, java.lang.Object)'> (0x00000000d59a3320) 
thrown [s\src\hotspot\share\interpreter\linkResolver.cpp, line 773]

ZGC Phase Switch (0 events):
No events

VM Operations (14 events):
Event: 0.287 Executing non-safepoint VM operation: HandshakeAllThreads (Deoptimize)
Event: 0.287 Executing non-safepoint VM operation: HandshakeAllThreads (Deoptimize) done
Event: 0.532 Executing non-safepoint VM operation: HandshakeAllThreads (Deoptimize)
Event: 0.532 Executing non-safepoint VM operation: HandshakeAllThreads (Deoptimize) done
Event: 1.545 Executing safepoint VM operation: Cleanup
Event: 1.561 Executing safepoint VM operation: Cleanup done
Event: 1.588 Executing non-safepoint VM operation: HandshakeAllThreads (Deoptimize)
Event: 1.588 Executing non-safepoint VM operation: HandshakeAllThreads (Deoptimize) done
Event: 1.637 Executing non-safepoint VM operation: HandshakeAllThreads (Deoptimize)
Event: 1.637 Executing non-safepoint VM operation: HandshakeAllThreads (Deoptimize) done
Event: 2.265 Executing non-safepoint VM operation: HandshakeAllThreads (Deoptimize)
Event: 2.265 Executing non-safepoint VM operation: HandshakeAllThreads (Deoptimize) done
Event: 2.324 Executing safepoint VM operation: ParallelGCFailedAllocation (Allocation Failure)
Event: 2.339 Executing safepoint VM operation: ParallelGCFailedAllocation (Allocation Failure) done

Memory protections (0 events):
No events

Nmethod flushes (0 events):
No events

Events (16 events):
Event: 0.060 Thread 0x00000259c24fe370 Thread added: 0x00000259c24fe370
Event: 0.110 Thread 0x00000259c24fe370 Thread added: 0x00000259d8f6f740
Event: 0.111 Thread 0x00000259c24fe370 Thread added: 0x00000259d8f71c20
Event: 0.111 Thread 0x00000259c24fe370 Thread added: 0x00000259d8f773f0
Event: 0.111 Thread 0x00000259c24fe370 Thread added: 0x00000259d8f7a310
Event: 0.112 Thread 0x00000259c24fe370 Thread added: 0x00000259d8f7ad70
Event: 0.112 Thread 0x00000259c24fe370 Thread added: 0x00000259d8f7b7d0
Event: 0.112 Thread 0x00000259c24fe370 Thread added: 0x00000259d8f7e620
Event: 0.116 Thread 0x00000259c24fe370 Thread added: 0x00000259d8f9e530
Event: 0.375 Thread 0x00000259c24fe370 Thread added: 0x0000025a1ba6f450
Event: 0.684 Thread 0x00000259d8f9e530 Thread added: 0x0000025a1bb87480
Event: 0.918 Thread 0x00000259c24fe370 Thread added: 0x0000025a1bbe6610
Event: 1.177 Thread 0x0000025a1bb87480 Thread added: 0x0000025a1bb96710
Event: 1.948 Thread 0x0000025a1bb96710 Thread exited: 0x0000025a1bb96710
Event: 2.394 Thread 0x0000025a1bb87480 Thread exited: 0x0000025a1bb87480
Event: 2.957 Thread 0x00000259d8f7e620 Thread added: 0x0000025a206a6140


Dynamic libraries:
0x00007ff6e2f90000 - 0x00007ff6e2f9e000 	c:\Users\thato\.vscode\extensions\redhat.java-1.55.0-win32-x64\jre\21.0.11-win32-x86_64\bin\java.exe
0x00007fff48ac0000 - 0x00007fff48d26000 	C:\WINDOWS\SYSTEM32\ntdll.dll
0x00007fff472e0000 - 0x00007fff473a9000 	C:\WINDOWS\System32\KERNEL32.DLL
0x00007fff46420000 - 0x00007fff4681f000 	C:\WINDOWS\System32\KERNELBASE.dll
0x00007fff45df0000 - 0x00007fff45f3c000 	C:\WINDOWS\System32\ucrtbase.dll
0x00007fff11630000 - 0x00007fff11648000 	c:\Users\thato\.vscode\extensions\redhat.java-1.55.0-win32-x64\jre\21.0.11-win32-x86_64\bin\jli.dll
0x00007fff11610000 - 0x00007fff1162e000 	c:\Users\thato\.vscode\extensions\redhat.java-1.55.0-win32-x64\jre\21.0.11-win32-x86_64\bin\VCRUNTIME140.dll
0x00007fff48800000 - 0x00007fff489c6000 	C:\WINDOWS\System32\USER32.dll
0x00007fff31ca0000 - 0x00007fff31f31000 	C:\WINDOWS\WinSxS\amd64_microsoft.windows.common-controls_6595b64144ccf1df_6.0.26100.8972_none_3e0da176e32f9d4b\COMCTL32.dll
0x00007fff45dc0000 - 0x00007fff45de7000 	C:\WINDOWS\System32\win32u.dll
0x00007fff46900000 - 0x00007fff469a9000 	C:\WINDOWS\System32\msvcrt.dll
0x00007fff472b0000 - 0x00007fff472db000 	C:\WINDOWS\System32\GDI32.dll
0x00007fff460b0000 - 0x00007fff461d9000 	C:\WINDOWS\System32\gdi32full.dll
0x00007fff46370000 - 0x00007fff46413000 	C:\WINDOWS\System32\msvcp_win.dll
0x00007fff48430000 - 0x00007fff48462000 	C:\WINDOWS\System32\IMM32.DLL
0x00007fff30c10000 - 0x00007fff30c1c000 	c:\Users\thato\.vscode\extensions\redhat.java-1.55.0-win32-x64\jre\21.0.11-win32-x86_64\bin\vcruntime140_1.dll
0x00007fff051d0000 - 0x00007fff0525d000 	c:\Users\thato\.vscode\extensions\redhat.java-1.55.0-win32-x64\jre\21.0.11-win32-x86_64\bin\msvcp140.dll
0x00007ffe4e100000 - 0x00007ffe4eea2000 	c:\Users\thato\.vscode\extensions\redhat.java-1.55.0-win32-x64\jre\21.0.11-win32-x86_64\bin\server\jvm.dll
0x00007fff47520000 - 0x00007fff475dc000 	C:\WINDOWS\System32\ADVAPI32.dll
0x00007fff489d0000 - 0x00007fff48a7a000 	C:\WINDOWS\System32\sechost.dll
0x00007fff475e0000 - 0x00007fff476f8000 	C:\WINDOWS\System32\RPCRT4.dll
0x00007fff48670000 - 0x00007fff486f2000 	C:\WINDOWS\System32\WS2_32.dll
0x00007fff45b90000 - 0x00007fff45bee000 	C:\WINDOWS\SYSTEM32\POWRPROF.dll
0x00007fff3ac10000 - 0x00007fff3ac46000 	C:\WINDOWS\SYSTEM32\WINMM.dll
0x00007fff34890000 - 0x00007fff3489b000 	C:\WINDOWS\SYSTEM32\VERSION.dll
0x00007fff45b60000 - 0x00007fff45b75000 	C:\WINDOWS\SYSTEM32\UMPDC.dll
0x00007fff44a50000 - 0x00007fff44a6b000 	C:\WINDOWS\SYSTEM32\kernel.appcore.dll
0x00007fff2a690000 - 0x00007fff2a69a000 	c:\Users\thato\.vscode\extensions\redhat.java-1.55.0-win32-x64\jre\21.0.11-win32-x86_64\bin\jimage.dll
0x00007fff43310000 - 0x00007fff43552000 	C:\WINDOWS\SYSTEM32\DBGHELP.DLL
0x00007fff47ff0000 - 0x00007fff48375000 	C:\WINDOWS\System32\combase.dll
0x00007fff473c0000 - 0x00007fff47499000 	C:\WINDOWS\System32\OLEAUT32.dll
0x00007fff22e00000 - 0x00007fff22e3b000 	C:\WINDOWS\SYSTEM32\dbgcore.DLL
0x00007fff45f40000 - 0x00007fff45fec000 	C:\WINDOWS\System32\bcryptPrimitives.dll
0x00007fff22310000 - 0x00007fff2231f000 	c:\Users\thato\.vscode\extensions\redhat.java-1.55.0-win32-x64\jre\21.0.11-win32-x86_64\bin\instrument.dll
0x00007fff10c20000 - 0x00007fff10c40000 	c:\Users\thato\.vscode\extensions\redhat.java-1.55.0-win32-x64\jre\21.0.11-win32-x86_64\bin\java.dll
0x00007fff47700000 - 0x00007fff47e88000 	C:\WINDOWS\System32\SHELL32.dll
0x00007fff43840000 - 0x00007fff440db000 	C:\WINDOWS\SYSTEM32\windows.storage.dll
0x00007fff48700000 - 0x00007fff487f9000 	C:\WINDOWS\System32\SHCORE.dll
0x00007fff474b0000 - 0x00007fff47516000 	C:\WINDOWS\System32\shlwapi.dll
0x00007fff45c50000 - 0x00007fff45c79000 	C:\WINDOWS\SYSTEM32\profapi.dll
0x00007fff10ba0000 - 0x00007fff10bb8000 	c:\Users\thato\.vscode\extensions\redhat.java-1.55.0-win32-x64\jre\21.0.11-win32-x86_64\bin\zip.dll
0x00007fff13da0000 - 0x00007fff13db0000 	C:\Users\thato\.vscode\extensions\redhat.java-1.55.0-win32-x64\jre\21.0.11-win32-x86_64\bin\net.dll
0x00007fff34cc0000 - 0x00007fff34de8000 	C:\WINDOWS\SYSTEM32\WINHTTP.dll
0x00007fff44fc0000 - 0x00007fff4502c000 	C:\WINDOWS\system32\mswsock.dll
0x00007fff10ab0000 - 0x00007fff10ac6000 	C:\Users\thato\.vscode\extensions\redhat.java-1.55.0-win32-x64\jre\21.0.11-win32-x86_64\bin\nio.dll
0x00007fff13d50000 - 0x00007fff13d60000 	c:\Users\thato\.vscode\extensions\redhat.java-1.55.0-win32-x64\jre\21.0.11-win32-x86_64\bin\verify.dll

JVMTI agents:
c:\Users\thato\.vscode\extensions\redhat.java-1.55.0-win32-x64\lombok\lombok-1.18.39-4050.jar path:c:\Users\thato\.vscode\extensions\redhat.java-1.55.0-win32-x64\jre\21.0.11-win32-x86_64\bin\instrument.dll, loaded, initialized, instrumentlib options:none

dbghelp: loaded successfully - version: 4.0.5 - missing functions: none
symbol engine: initialized successfully - sym options: 0x614 - pdb path: .;c:\Users\thato\.vscode\extensions\redhat.java-1.55.0-win32-x64\jre\21.0.11-win32-x86_64\bin;C:\WINDOWS\SYSTEM32;C:\WINDOWS\WinSxS\amd64_microsoft.windows.common-controls_6595b64144ccf1df_6.0.26100.8972_none_3e0da176e32f9d4b;c:\Users\thato\.vscode\extensions\redhat.java-1.55.0-win32-x64\jre\21.0.11-win32-x86_64\bin\server

VM Arguments:
jvm_args: --add-modules=ALL-SYSTEM --add-opens=java.base/java.util=ALL-UNNAMED --add-opens=java.base/java.lang=ALL-UNNAMED --add-opens=java.base/sun.nio.fs=ALL-UNNAMED -Declipse.application=org.eclipse.jdt.ls.core.id1 -Dosgi.bundles.defaultStartLevel=4 -Declipse.product=org.eclipse.jdt.ls.core.product -Djava.import.generatesMetadataFilesAtProjectRoot=false -DDetectVMInstallationsJob.disabled=true -Dfile.encoding=utf8 -XX:+UseParallelGC -XX:GCTimeRatio=4 -XX:AdaptiveSizePolicyWeight=90 -Dsun.zip.disableMemoryMapping=true -Xmx2G -Xms100m -Xlog:disable -javaagent:c:\Users\thato\.vscode\extensions\redhat.java-1.55.0-win32-x64\lombok\lombok-1.18.39-4050.jar 
java_command: c:\Users\thato\.vscode\extensions\redhat.java-1.55.0-win32-x64\server\plugins\org.eclipse.equinox.launcher_1.7.200.v20260619-2039.jar -configuration c:\Users\thato\AppData\Roaming\Code\User\globalStorage\redhat.java\1.55.0\config_ss_win -data c:\Users\thato\AppData\Roaming\Code\User\workspaceStorage\fdaac9f8ea1dd89cf8fb0ce9ab7427f0\redhat.java\ss_ws --pipe=\\.\pipe\lsp-83a0f55f9d3429c44527756bbd376e61-sock
java_class_path (initial): c:\Users\thato\.vscode\extensions\redhat.java-1.55.0-win32-x64\server\plugins\org.eclipse.equinox.launcher_1.7.200.v20260619-2039.jar
Launcher Type: SUN_STANDARD

[Global flags]
    uintx AdaptiveSizePolicyWeight                 = 90                                        {product} {command line}
     intx CICompilerCount                          = 4                                         {product} {ergonomic}
    uintx GCTimeRatio                              = 4                                         {product} {command line}
   size_t InitialHeapSize                          = 104857600                                 {product} {command line}
   size_t MaxHeapSize                              = 2147483648                                {product} {command line}
   size_t MaxNewSize                               = 715653120                                 {product} {ergonomic}
   size_t MinHeapDeltaBytes                        = 524288                                    {product} {ergonomic}
   size_t MinHeapSize                              = 104857600                                 {product} {command line}
   size_t NewSize                                  = 34603008                                  {product} {ergonomic}
    uintx NonNMethodCodeHeapSize                   = 5839372                                {pd product} {ergonomic}
    uintx NonProfiledCodeHeapSize                  = 122909434                              {pd product} {ergonomic}
   size_t OldSize                                  = 70254592                                  {product} {ergonomic}
    uintx ProfiledCodeHeapSize                     = 122909434                              {pd product} {ergonomic}
    uintx ReservedCodeCacheSize                    = 251658240                              {pd product} {ergonomic}
     bool SegmentedCodeCache                       = true                                      {product} {ergonomic}
   size_t SoftMaxHeapSize                          = 2147483648                             {manageable} {ergonomic}
     bool UseCompressedOops                        = true                           {product lp64_product} {ergonomic}
     bool UseLargePagesIndividualAllocation        = false                                  {pd product} {ergonomic}
     bool UseParallelGC                            = true                                      {product} {command line}

Logging:
Log output configuration:
 #0: stdout all=off uptime,level,tags foldmultilines=false
 #1: stderr all=off uptime,level,tags foldmultilines=false

Release file:
JAVA_VERSION="21.0.11" 
MODULES="java.base java.compiler java.datatransfer java.xml java.prefs java.desktop java.instrument java.logging java.management java.security.sasl java.naming java.rmi java.management.rmi java.net.http java.scripting java.security.jgss java.transaction.xa java.sql java.sql.rowset java.xml.crypto java.se java.smartcardio jdk.accessibility jdk.internal.jvmstat jdk.attach jdk.charsets jdk.internal.opt jdk.zipfs jdk.compiler jdk.crypto.ec jdk.crypto.cryptoki jdk.crypto.mscapi jdk.dynalink jdk.internal.ed jdk.editpad jdk.hotspot.agent jdk.httpserver jdk.internal.le jdk.internal.vm.ci jdk.internal.vm.compiler jdk.internal.vm.compiler.management jdk.jartool jdk.javadoc jdk.jcmd jdk.management jdk.management.agent jdk.jconsole jdk.jdeps jdk.jdwp.agent jdk.jdi jdk.jfr jdk.jshell jdk.jsobject jdk.jstatd jdk.localedata jdk.management.jfr jdk.naming.dns jdk.naming.rmi jdk.net jdk.nio.mapmode jdk.random jdk.sctp jdk.security.auth jdk.security.jgss jdk.unsupported jdk.unsupported.desktop jdk.xml.dom" 

Environment Variables:
PATH=C:\Program Files\Common Files\Oracle\Java\javapath;C:\Program Files (x86)\Common Files\Oracle\Java\java8path;C:\Program Files (x86)\Common Files\Oracle\Java\javapath;C:\Python314\Scripts\;C:\Python314\;C:\WINDOWS\system32;C:\WINDOWS;C:\WINDOWS\System32\Wbem;C:\WINDOWS\System32\WindowsPowerShell\v1.0\;C:\WINDOWS\System32\OpenSSH\;C:\Program Files (x86)\Windows Kits\10\Windows Performance Toolkit\;C:\ProgramData\chocolatey\bin;C:\Program Files\nodejs\;C:\Program Files\Git\cmd;C:\Program Files\GitHub CLI\;C:\Program Files\Docker\Docker\resources\bin;C:\Users\thato\AppData\Local\Microsoft\WindowsApps;C:\Users\thato\AppData\Local\Programs\Microsoft VS Code\bin;C:\Users\thato\AppData\Roaming\npm;C:\ProgramData\thato\GitHubDesktop\bin;
USERNAME=thato
OS=Windows_NT
PROCESSOR_IDENTIFIER=Intel64 Family 6 Model 140 Stepping 1, GenuineIntel
TMP=C:\Users\thato\AppData\Local\Temp
TEMP=C:\Users\thato\AppData\Local\Temp




Periodic native trim disabled

---------------  S Y S T E M  ---------------

OS:
 Windows 11 , 64 bit Build 26100 (10.0.26100.9168)
OS uptime: 0 days 3:49 hours
Hyper-V role detected

CPU: total 8 (initial active 8) (4 cores per cpu, 2 threads per core) family 6 model 140 stepping 1 microcode 0xbe, cx8, cmov, fxsr, ht, mmx, 3dnowpref, sse, sse2, sse3, ssse3, sse4.1, sse4.2, popcnt, lzcnt, tsc, tscinvbit, avx, avx2, aes, erms, clmul, bmi1, bmi2, adx, avx512f, avx512dq, avx512cd, avx512bw, avx512vl, sha, fma, vzeroupper, avx512_vpopcntdq, avx512_vpclmulqdq, avx512_vaes, avx512_vnni, clflush, clflushopt, clwb, avx512_vbmi2, avx512_vbmi, hv, rdtscp, rdpid, fsrm, gfni, avx512_bitalg, f16c, cet_ibt, cet_ss, avx512_ifma
Processor Information for the first 8 processors :
  Max Mhz: 2419, Current Mhz: 2419, Mhz Limit: 2419

Memory: 4k page, system-wide physical 16064M (533M free)
TotalPageFile size 20298M (AvailPageFile size 3M)
current process WorkingSet (physical memory assigned to process): 89M, peak: 89M
current process commit charge ("private bytes"): 240M, peak: 241M

vm_info: OpenJDK 64-Bit Server VM (21.0.11+10-LTS) for windows-amd64 JRE (21.0.11+10-LTS), built on 2026-04-21T00:00:00Z by "admin" with MS VC++ 17.12 (VS2022)

END.
