#
# There is insufficient memory for the Java Runtime Environment to continue.
# Native memory allocation (malloc) failed to allocate 325136 bytes. Error detail: Chunk::new
# Possible reasons:
#   The system is out of physical RAM or swap space
#   This process is running with CompressedOops enabled, and the Java Heap may be blocking the growth of the native heap
# Possible solutions:
#   Reduce memory load on the system
#   Increase physical memory or swap space
#   Check if swap backing store is full
#   Decrease Java heap size (-Xmx/-Xms)
#   Decrease number of Java threads
#   Decrease Java thread stack sizes (-Xss)
#   Set larger code cache with -XX:ReservedCodeCacheSize=
#   JVM is running with Unscaled Compressed Oops mode in which the Java heap is
#     placed in the first 4GB address space. The Java Heap base address is the
#     maximum limit for the native heap growth. Please use -XX:HeapBaseMinAddress
#     to set the Java Heap base and to place the Java Heap above 4GB virtual address.
# This output file may be truncated or incomplete.
#
#  Out of Memory Error (arena.cpp:168), pid=21968, tid=25092
#
# JRE version: OpenJDK Runtime Environment Temurin-21.0.11+10 (21.0.11+10) (build 21.0.11+10-LTS)
# Java VM: OpenJDK 64-Bit Server VM Temurin-21.0.11+10 (21.0.11+10-LTS, mixed mode, sharing, tiered, compressed oops, compressed class ptrs, parallel gc, windows-amd64)
# No core dump will be written. Minidumps are not enabled by default on client versions of Windows
#

---------------  S U M M A R Y ------------

Command Line: --add-modules=ALL-SYSTEM --add-opens=java.base/java.util=ALL-UNNAMED --add-opens=java.base/java.lang=ALL-UNNAMED --add-opens=java.base/sun.nio.fs=ALL-UNNAMED -Declipse.application=org.eclipse.jdt.ls.core.id1 -Dosgi.bundles.defaultStartLevel=4 -Declipse.product=org.eclipse.jdt.ls.core.product -Djava.import.generatesMetadataFilesAtProjectRoot=false -DDetectVMInstallationsJob.disabled=true -Dfile.encoding=utf8 -XX:+UseParallelGC -XX:GCTimeRatio=4 -XX:AdaptiveSizePolicyWeight=90 -Dsun.zip.disableMemoryMapping=true -Xmx2G -Xms100m -Xlog:disable -javaagent:c:\Users\thato\.vscode\extensions\redhat.java-1.55.0-win32-x64\lombok\lombok-1.18.39-4050.jar -XX:+HeapDumpOnOutOfMemoryError -XX:HeapDumpPath=c:\Users\thato\AppData\Roaming\Code\User\workspaceStorage\fdaac9f8ea1dd89cf8fb0ce9ab7427f0\redhat.java -Daether.dependencyCollector.impl=bf c:\Users\thato\.vscode\extensions\redhat.java-1.55.0-win32-x64\server\plugins\org.eclipse.equinox.launcher_1.7.200.v20260619-2039.jar -configuration c:\Users\thato\AppData\Roaming\Code\User\globalStorage\redhat.java\1.55.0\config_win -data c:\Users\thato\AppData\Roaming\Code\User\workspaceStorage\fdaac9f8ea1dd89cf8fb0ce9ab7427f0\redhat.java\jdt_ws --pipe=\\.\pipe\lsp-fed89651533841137f73e95bed1e9e4a-sock

Host: 11th Gen Intel(R) Core(TM) i5-1135G7 @ 2.40GHz, 8 cores, 15G,  Windows 11 , 64 bit Build 26100 (10.0.26100.9168)
Time: Tue Aug 18 10:10:53 2026 South Africa Standard Time elapsed time: 1.955032 seconds (0d 0h 0m 1s)

---------------  T H R E A D  ---------------

Current thread (0x00000204f680cf50):  JavaThread "C2 CompilerThread1" daemon [_thread_in_native, id=25092, stack(0x000000983a300000,0x000000983a400000) (1024K)]


Current CompileTask:
C2:1955  646       4       lombok.patcher.scripts.MethodLevelPatchScript::patch (21 bytes)

Stack: [0x000000983a300000,0x000000983a400000]
Native frames: (J=compiled Java code, j=interpreted, Vv=VM code, C=native code)
V  [jvm.dll+0x6d7e19]
V  [jvm.dll+0x8b5096]
V  [jvm.dll+0x8b764e]
V  [jvm.dll+0x8b7d33]
V  [jvm.dll+0x284596]
V  [jvm.dll+0xc685d]
V  [jvm.dll+0xc6da1]
V  [jvm.dll+0x3bed31]
V  [jvm.dll+0x38b2b2]
V  [jvm.dll+0x38a6fa]
V  [jvm.dll+0x24c700]
V  [jvm.dll+0x24bce0]
V  [jvm.dll+0x1cb4ae]
V  [jvm.dll+0x25baad]
V  [jvm.dll+0x25a03a]
V  [jvm.dll+0x3f868e]
V  [jvm.dll+0x85fb0d]
V  [jvm.dll+0x6d664d]
C  [ucrtbase.dll+0x2cd30]
C  [KERNEL32.DLL+0x2ccb7]
C  [ntdll.dll+0xaad6c]


---------------  P R O C E S S  ---------------

Threads class SMR info:
_java_thread_list=0x00000204f6707700, length=13, elements={
0x00000204de2e0810, 0x00000204f4aa0920, 0x00000204f4aa5520, 0x00000204f4aaa0c0,
0x00000204f4aaada0, 0x00000204f4aab800, 0x00000204f4aac260, 0x00000204f4ab10c0,
0x00000204f4acde10, 0x00000204f66137c0, 0x00000204f67ac9f0, 0x00000204f680cf50,
0x00000204f68094b0
}

Java Threads: ( => current thread )
  0x00000204de2e0810 JavaThread "main"                              [_thread_in_vm, id=18312, stack(0x0000009839500000,0x0000009839600000) (1024K)]
  0x00000204f4aa0920 JavaThread "Reference Handler"          daemon [_thread_blocked, id=13364, stack(0x0000009839900000,0x0000009839a00000) (1024K)]
  0x00000204f4aa5520 JavaThread "Finalizer"                  daemon [_thread_blocked, id=4012, stack(0x0000009839a00000,0x0000009839b00000) (1024K)]
  0x00000204f4aaa0c0 JavaThread "Signal Dispatcher"          daemon [_thread_blocked, id=23848, stack(0x0000009839b00000,0x0000009839c00000) (1024K)]
  0x00000204f4aaada0 JavaThread "Attach Listener"            daemon [_thread_blocked, id=10428, stack(0x0000009839c00000,0x0000009839d00000) (1024K)]
  0x00000204f4aab800 JavaThread "Service Thread"             daemon [_thread_blocked, id=21332, stack(0x0000009839d00000,0x0000009839e00000) (1024K)]
  0x00000204f4aac260 JavaThread "Monitor Deflation Thread"   daemon [_thread_blocked, id=15292, stack(0x0000009839e00000,0x0000009839f00000) (1024K)]
  0x00000204f4ab10c0 JavaThread "C2 CompilerThread0"         daemon [_thread_in_native, id=22736, stack(0x0000009839f00000,0x000000983a000000) (1024K)]
  0x00000204f4acde10 JavaThread "C1 CompilerThread0"         daemon [_thread_blocked, id=20100, stack(0x000000983a000000,0x000000983a100000) (1024K)]
  0x00000204f66137c0 JavaThread "Common-Cleaner"             daemon [_thread_blocked, id=20604, stack(0x000000983a100000,0x000000983a200000) (1024K)]
  0x00000204f67ac9f0 JavaThread "Notification Thread"        daemon [_thread_blocked, id=26144, stack(0x000000983a200000,0x000000983a300000) (1024K)]
=>0x00000204f680cf50 JavaThread "C2 CompilerThread1"         daemon [_thread_in_native, id=25092, stack(0x000000983a300000,0x000000983a400000) (1024K)]
  0x00000204f68094b0 JavaThread "C2 CompilerThread2"         daemon [_thread_in_native, id=5348, stack(0x000000983a400000,0x000000983a500000) (1024K)]
Total: 13

Other Threads:
  0x00000204f4a935f0 VMThread "VM Thread"                           [id=22732, stack(0x0000009839800000,0x0000009839900000) (1024K)]
  0x00000204de34f6f0 WatcherThread "VM Periodic Task Thread"        [id=10444, stack(0x0000009839700000,0x0000009839800000) (1024K)]
  0x00000204de2ff130 WorkerThread "GC Thread#0"                     [id=19272, stack(0x0000009839600000,0x0000009839700000) (1024K)]
Total: 3

Threads with active compile tasks:
C2 CompilerThread0  1988  673       4       lombok.patcher.PatchScript::classMatches (41 bytes)
C2 CompilerThread1  1988  646       4       lombok.patcher.scripts.MethodLevelPatchScript::patch (21 bytes)
C2 CompilerThread2  1989  683       4       java.util.concurrent.ConcurrentHashMap::get (162 bytes)
Total: 3

VM state: not at safepoint (normal execution)

VM Mutex/Monitor currently owned by a thread: None

Heap address: 0x0000000080000000, size: 2048 MB, Compressed Oops mode: 32-bit

CDS archive(s) mapped at: [0x0000020480000000-0x0000020480ba0000-0x0000020480ba0000), size 12189696, SharedBaseAddress: 0x0000020480000000, ArchiveRelocationMode: 1.
Compressed class space mapped at: 0x0000020481000000-0x00000204c1000000, reserved size: 1073741824
Narrow klass base: 0x0000020480000000, Narrow klass shift: 0, Narrow klass range: 0x100000000

GC Precious Log:
 CardTable entry size: 512
 CPUs: 8 total, 8 available
 Memory: 16064M
 Large Page Support: Disabled
 NUMA Support: Disabled
 Compressed Oops: Enabled (32-bit)
 Alignments: Space 512K, Generation 512K, Heap 2M
 Heap Min Capacity: 100M
 Heap Initial Capacity: 100M
 Heap Max Capacity: 2G
 Pre-touch: Disabled
 Parallel Workers: 8

Heap:
 PSYoungGen      total 29696K, used 13855K [0x00000000d5580000, 0x00000000d7680000, 0x0000000100000000)
  eden space 25600K, 54% used [0x00000000d5580000,0x00000000d6307db0,0x00000000d6e80000)
  from space 4096K, 0% used [0x00000000d7280000,0x00000000d7280000,0x00000000d7680000)
  to   space 4096K, 0% used [0x00000000d6e80000,0x00000000d6e80000,0x00000000d7280000)
 ParOldGen       total 68608K, used 0K [0x0000000080000000, 0x0000000084300000, 0x00000000d5580000)
  object space 68608K, 0% used [0x0000000080000000,0x0000000080000000,0x0000000084300000)
 Metaspace       used 2608K, committed 2816K, reserved 1114112K
  class space    used 268K, committed 384K, reserved 1048576K

Card table byte_map: [0x00000204ddb80000,0x00000204ddf90000] _byte_map_base: 0x00000204dd780000

Marking Bits: (ParMarkBitMap*) 0x00007ffe4edc4460
 Begin Bits: [0x00000204f04d0000, 0x00000204f24d0000)
 End Bits:   [0x00000204f24d0000, 0x00000204f44d0000)

Polling page: 0x00000204dc060000

Metaspace:

Usage:
  Non-class:      2.29 MB used.
      Class:    268.25 KB used.
       Both:      2.55 MB used.

Virtual space:
  Non-class space:       64.00 MB reserved,       2.38 MB (  4%) committed,  1 nodes.
      Class space:        1.00 GB reserved,     384.00 KB ( <1%) committed,  1 nodes.
             Both:        1.06 GB reserved,       2.75 MB ( <1%) committed. 

Chunk freelists:
   Non-Class:  11.65 MB
       Class:  15.67 MB
        Both:  27.32 MB

MaxMetaspaceSize: unlimited
CompressedClassSpaceSize: 1.00 GB
Initial GC threshold: 21.00 MB
Current GC threshold: 21.00 MB
CDS: on
 - commit_granule_bytes: 65536.
 - commit_granule_words: 8192.
 - virtual_space_node_default_size: 8388608.
 - enlarge_chunks_in_place: 1.
 - use_allocation_guard: 0.


Internal statistics:

num_allocs_failed_limit: 0.
num_arena_births: 80.
num_arena_deaths: 0.
num_vsnodes_births: 2.
num_vsnodes_deaths: 0.
num_space_committed: 44.
num_space_uncommitted: 0.
num_chunks_returned_to_freelist: 0.
num_chunks_taken_from_freelist: 102.
num_chunk_merges: 0.
num_chunk_splits: 72.
num_chunks_enlarged: 46.
num_inconsistent_stats: 0.

CodeHeap 'non-profiled nmethods': size=120000Kb used=256Kb max_used=256Kb free=119743Kb
 bounds [0x00000204e8fa0000, 0x00000204e9210000, 0x00000204f04d0000]
CodeHeap 'profiled nmethods': size=120000Kb used=998Kb max_used=998Kb free=119001Kb
 bounds [0x00000204e14d0000, 0x00000204e1740000, 0x00000204e8a00000]
CodeHeap 'non-nmethods': size=5760Kb used=1191Kb max_used=1203Kb free=4568Kb
 bounds [0x00000204e8a00000, 0x00000204e8c70000, 0x00000204e8fa0000]
CodeCache: size=245760Kb, used=2445Kb, max_used=2457Kb, free=243312Kb
 total_blobs=1118, nmethods=680, adapters=345, full_count=0
Compilation: enabled, stopped_count=0, restarted_count=0

Compilation events (20 events):
Event: 1.897 Thread 0x00000204f4acde10 nmethod 670 0x00000204e15c3a10 code [0x00000204e15c3d60, 0x00000204e15c4b10]
Event: 1.897 Thread 0x00000204f68094b0 nmethod 665 0x00000204e8fdd810 code [0x00000204e8fdd9e0, 0x00000204e8fde068]
Event: 1.898 Thread 0x00000204f68094b0  668       4       java.util.Collections$UnmodifiableCollection$1::next (10 bytes)
Event: 1.898 Thread 0x00000204f4acde10  671       3       java.util.regex.Pattern::peek (26 bytes)
Event: 1.899 Thread 0x00000204f4acde10 nmethod 671 0x00000204e15c5010 code [0x00000204e15c51c0, 0x00000204e15c5418]
Event: 1.900 Thread 0x00000204f4ab10c0 nmethod 666 0x00000204e8fde410 code [0x00000204e8fde5c0, 0x00000204e8fdeb28]
Event: 1.900 Thread 0x00000204f4ab10c0  661       4       java.util.Arrays::checkLength (38 bytes)
Event: 1.900 Thread 0x00000204f4ab10c0 nmethod 661 0x00000204e8fded90 code [0x00000204e8fdef20, 0x00000204e8fdefa8]
Event: 1.912 Thread 0x00000204f68094b0 nmethod 668 0x00000204e8fdf090 code [0x00000204e8fdf240, 0x00000204e8fdf5e8]
Event: 1.914 Thread 0x00000204f4acde10  672       3       sun.security.util.DerInputStream::available (10 bytes)
Event: 1.914 Thread 0x00000204f4acde10 nmethod 672 0x00000204e15c5510 code [0x00000204e15c56a0, 0x00000204e15c57b0]
Event: 1.915 Thread 0x00000204f4ab10c0  673       4       lombok.patcher.PatchScript::classMatches (41 bytes)
Event: 1.917 Thread 0x00000204f4acde10  674       3       java.util.jar.Manifest$FastInputStream::readLine (296 bytes)
Event: 1.919 Thread 0x00000204f4acde10 nmethod 674 0x00000204e15c5810 code [0x00000204e15c5a40, 0x00000204e15c62a8]
Event: 1.929 Thread 0x00000204f4acde10  676       3       java.io.ByteArrayOutputStream::ensureCapacity (32 bytes)
Event: 1.930 Thread 0x00000204f4acde10 nmethod 676 0x00000204e15c6610 code [0x00000204e15c67e0, 0x00000204e15c6b38]
Event: 1.930 Thread 0x00000204f4acde10  675       3       java.util.Objects::checkFromIndexSize (8 bytes)
Event: 1.930 Thread 0x00000204f4acde10 nmethod 675 0x00000204e15c6c90 code [0x00000204e15c6e40, 0x00000204e15c7048]
Event: 1.935 Thread 0x00000204f4acde10  678       3       jdk.internal.util.ArraysSupport::vectorizedHashCode (158 bytes)
Event: 1.936 Thread 0x00000204f4acde10 nmethod 678 0x00000204e15c7190 code [0x00000204e15c74a0, 0x00000204e15c8488]

GC Heap History (0 events):
No events

Dll operation events (8 events):
Event: 0.058 Loaded shared library c:\Users\thato\.vscode\extensions\redhat.java-1.55.0-win32-x64\jre\21.0.11-win32-x86_64\bin\java.dll
Event: 0.403 Loaded shared library c:\Users\thato\.vscode\extensions\redhat.java-1.55.0-win32-x64\jre\21.0.11-win32-x86_64\bin\zip.dll
Event: 0.523 Loaded shared library C:\Users\thato\.vscode\extensions\redhat.java-1.55.0-win32-x64\jre\21.0.11-win32-x86_64\bin\instrument.dll
Event: 0.582 Loaded shared library C:\Users\thato\.vscode\extensions\redhat.java-1.55.0-win32-x64\jre\21.0.11-win32-x86_64\bin\net.dll
Event: 0.597 Loaded shared library C:\Users\thato\.vscode\extensions\redhat.java-1.55.0-win32-x64\jre\21.0.11-win32-x86_64\bin\nio.dll
Event: 0.616 Loaded shared library C:\Users\thato\.vscode\extensions\redhat.java-1.55.0-win32-x64\jre\21.0.11-win32-x86_64\bin\zip.dll
Event: 0.678 Loaded shared library C:\Users\thato\.vscode\extensions\redhat.java-1.55.0-win32-x64\jre\21.0.11-win32-x86_64\bin\jimage.dll
Event: 1.272 Loaded shared library c:\Users\thato\.vscode\extensions\redhat.java-1.55.0-win32-x64\jre\21.0.11-win32-x86_64\bin\verify.dll

Deoptimization events (20 events):
Event: 1.608 Thread 0x00000204de2e0810 DEOPT PACKING pc=0x00000204e1517d98 sp=0x00000098395fa780
Event: 1.608 Thread 0x00000204de2e0810 DEOPT UNPACKING pc=0x00000204e8a578e2 sp=0x00000098395f9c40 mode 0
Event: 1.611 Thread 0x00000204de2e0810 DEOPT PACKING pc=0x00000204e1517d98 sp=0x00000098395fb0a0
Event: 1.611 Thread 0x00000204de2e0810 DEOPT UNPACKING pc=0x00000204e8a578e2 sp=0x00000098395fa560 mode 0
Event: 1.623 Thread 0x00000204de2e0810 DEOPT PACKING pc=0x00000204e1517d98 sp=0x00000098395fb0a0
Event: 1.623 Thread 0x00000204de2e0810 DEOPT UNPACKING pc=0x00000204e8a578e2 sp=0x00000098395fa560 mode 0
Event: 1.625 Thread 0x00000204de2e0810 DEOPT PACKING pc=0x00000204e1517d98 sp=0x00000098395fc6c0
Event: 1.625 Thread 0x00000204de2e0810 DEOPT UNPACKING pc=0x00000204e8a578e2 sp=0x00000098395fbb80 mode 0
Event: 1.631 Thread 0x00000204de2e0810 DEOPT PACKING pc=0x00000204e1517d98 sp=0x00000098395fc630
Event: 1.631 Thread 0x00000204de2e0810 DEOPT UNPACKING pc=0x00000204e8a578e2 sp=0x00000098395fbaf0 mode 0
Event: 1.636 Thread 0x00000204de2e0810 DEOPT PACKING pc=0x00000204e1517d98 sp=0x00000098395fc4b0
Event: 1.636 Thread 0x00000204de2e0810 DEOPT UNPACKING pc=0x00000204e8a578e2 sp=0x00000098395fb970 mode 0
Event: 1.800 Thread 0x00000204de2e0810 Uncommon trap: trap_request=0xffffff45 fr.pc=0x00000204e8fcf4ec relative=0x000000000000014c
Event: 1.800 Thread 0x00000204de2e0810 Uncommon trap: reason=unstable_if action=reinterpret pc=0x00000204e8fcf4ec method=jdk.internal.util.ArraysSupport.vectorizedHashCode(Ljava/lang/Object;IIII)I @ 2 c2
Event: 1.800 Thread 0x00000204de2e0810 DEOPT PACKING pc=0x00000204e8fcf4ec sp=0x00000098395fce20
Event: 1.800 Thread 0x00000204de2e0810 DEOPT UNPACKING pc=0x00000204e8a56da2 sp=0x00000098395fcdd0 mode 2
Event: 1.828 Thread 0x00000204de2e0810 Uncommon trap: trap_request=0xffffff45 fr.pc=0x00000204e8fc37f4 relative=0x00000000000000d4
Event: 1.828 Thread 0x00000204de2e0810 Uncommon trap: reason=unstable_if action=reinterpret pc=0x00000204e8fc37f4 method=java.net.URI.match(CJJ)Z @ 45 c2
Event: 1.828 Thread 0x00000204de2e0810 DEOPT PACKING pc=0x00000204e8fc37f4 sp=0x00000098395fcfa0
Event: 1.828 Thread 0x00000204de2e0810 DEOPT UNPACKING pc=0x00000204e8a56da2 sp=0x00000098395fcf08 mode 2

Classes loaded (20 events):
Event: 1.900 Loading class sun/security/util/DisabledAlgorithmConstraints$DenyAfterConstraint done
Event: 1.903 Loading class java/time/ZonedDateTime
Event: 1.903 Loading class java/time/chrono/ChronoZonedDateTime
Event: 1.907 Loading class java/time/chrono/ChronoZonedDateTime done
Event: 1.907 Loading class java/time/ZonedDateTime done
Event: 1.912 Loading class java/time/zone/ZoneOffsetTransition
Event: 1.912 Loading class java/time/zone/ZoneOffsetTransition done
Event: 1.912 Loading class java/util/Collections$SingletonList
Event: 1.913 Loading class java/util/Collections$SingletonList done
Event: 1.914 Loading class sun/security/pkcs/PKCS9Attributes
Event: 1.915 Loading class sun/security/pkcs/PKCS9Attributes done
Event: 1.915 Loading class sun/security/pkcs/PKCS9Attribute
Event: 1.916 Loading class sun/security/pkcs/PKCS9Attribute done
Event: 1.933 Loading class sun/security/pkcs/SigningCertificateInfo
Event: 1.933 Loading class sun/security/pkcs/SigningCertificateInfo done
Event: 1.933 Loading class sun/security/pkcs/SigningCertificateInfo$ESSCertId
Event: 1.934 Loading class sun/security/pkcs/SigningCertificateInfo$ESSCertId done
Event: 1.934 Loading class sun/security/pkcs/SignerInfo$AlgorithmInfo
Event: 1.934 Loading class sun/security/pkcs/SignerInfo$AlgorithmInfo done
Event: 1.937 Loading class java/security/MessageDigest

Classes unloaded (0 events):
No events

Classes redefined (0 events):
No events

Internal exceptions (12 events):
Event: 0.379 Thread 0x00000204de2e0810 Exception <a 'java/lang/NoSuchMethodError'{0x00000000d57a9140}: 'void java.lang.invoke.DirectMethodHandle$Holder.invokeStatic(java.lang.Object, java.lang.Object, java.lang.Object)'> (0x00000000d57a9140) 
thrown [s\src\hotspot\share\interpreter\linkResolver.cpp, line 773]
Event: 0.662 Thread 0x00000204de2e0810 Exception <a 'java/lang/NoSuchMethodError'{0x00000000d5911b88}: 'java.lang.Object java.lang.invoke.Invokers$Holder.invokeExact_MT(java.lang.Object, java.lang.Object, java.lang.Object, java.lang.Object, java.lang.Object)'> (0x00000000d5911b88) 
thrown [s\src\hotspot\share\interpreter\linkResolver.cpp, line 773]
Event: 0.857 Thread 0x00000204de2e0810 Exception <a 'java/lang/NoSuchMethodError'{0x00000000d59ca7f0}: 'int java.lang.invoke.DirectMethodHandle$Holder.invokeSpecial(java.lang.Object, java.lang.Object, java.lang.Object, int)'> (0x00000000d59ca7f0) 
thrown [s\src\hotspot\share\interpreter\linkResolver.cpp, line 773]
Event: 0.863 Thread 0x00000204de2e0810 Exception <a 'java/lang/NoSuchMethodError'{0x00000000d59dd1d8}: 'java.lang.Object java.lang.invoke.DirectMethodHandle$Holder.invokeStatic(java.lang.Object, java.lang.Object, java.lang.Object, java.lang.Object, int)'> (0x00000000d59dd1d8) 
thrown [s\src\hotspot\share\interpreter\linkResolver.cpp, line 773]
Event: 0.867 Thread 0x00000204de2e0810 Exception <a 'java/lang/NoSuchMethodError'{0x00000000d59e8618}: 'void java.lang.invoke.DelegatingMethodHandle$Holder.reinvoke_L(java.lang.Object, java.lang.Object, java.lang.Object, int, java.lang.Object)'> (0x00000000d59e8618) 
thrown [s\src\hotspot\share\interpreter\linkResolver.cpp, line 773]
Event: 0.876 Thread 0x00000204de2e0810 Exception <a 'java/lang/NoSuchMethodError'{0x00000000d59f8f68}: 'int java.lang.invoke.DirectMethodHandle$Holder.invokeSpecial(java.lang.Object, java.lang.Object, java.lang.Object)'> (0x00000000d59f8f68) 
thrown [s\src\hotspot\share\interpreter\linkResolver.cpp, line 773]
Event: 0.941 Thread 0x00000204de2e0810 Exception <a 'java/lang/NoSuchMethodError'{0x00000000d5a04c28}: 'java.lang.Object java.lang.invoke.DirectMethodHandle$Holder.invokeStatic(java.lang.Object, java.lang.Object, int)'> (0x00000000d5a04c28) 
thrown [s\src\hotspot\share\interpreter\linkResolver.cpp, line 773]
Event: 1.066 Thread 0x00000204de2e0810 Exception <a 'java/lang/NoSuchMethodError'{0x00000000d5a09578}: 'void java.lang.invoke.DirectMethodHandle$Holder.invokeStatic(java.lang.Object, java.lang.Object, int, java.lang.Object)'> (0x00000000d5a09578) 
thrown [s\src\hotspot\share\interpreter\linkResolver.cpp, line 773]
Event: 1.068 Thread 0x00000204de2e0810 Exception <a 'java/lang/NoSuchMethodError'{0x00000000d5a0d108}: 'void java.lang.invoke.DirectMethodHandle$Holder.invokeSpecial(java.lang.Object, java.lang.Object, java.lang.Object, int, java.lang.Object)'> (0x00000000d5a0d108) 
thrown [s\src\hotspot\share\interpreter\linkResolver.cpp, line 773]
Event: 1.069 Thread 0x00000204de2e0810 Exception <a 'java/lang/NoSuchMethodError'{0x00000000d5a10578}: 'void java.lang.invoke.DelegatingMethodHandle$Holder.delegate(java.lang.Object, java.lang.Object, int, java.lang.Object)'> (0x00000000d5a10578) 
thrown [s\src\hotspot\share\interpreter\linkResolver.cpp, line 773]
Event: 1.387 Thread 0x00000204de2e0810 Exception <a 'java/lang/NoSuchMethodError'{0x00000000d5bcf5c0}: 'void java.lang.invoke.DelegatingMethodHandle$Holder.reinvoke_L(java.lang.Object, java.lang.Object, java.lang.Object, int)'> (0x00000000d5bcf5c0) 
thrown [s\src\hotspot\share\interpreter\linkResolver.cpp, line 773]
Event: 1.780 Thread 0x00000204de2e0810 Exception <a 'java/lang/NoSuchMethodError'{0x00000000d605c248}: 'void java.lang.invoke.DirectMethodHandle$Holder.invokeVirtual(java.lang.Object, java.lang.Object)'> (0x00000000d605c248) 
thrown [s\src\hotspot\share\interpreter\linkResolver.cpp, line 773]

ZGC Phase Switch (0 events):
No events

VM Operations (6 events):
Event: 0.386 Executing non-safepoint VM operation: HandshakeAllThreads (Deoptimize)
Event: 0.386 Executing non-safepoint VM operation: HandshakeAllThreads (Deoptimize) done
Event: 0.724 Executing non-safepoint VM operation: HandshakeAllThreads (Deoptimize)
Event: 0.724 Executing non-safepoint VM operation: HandshakeAllThreads (Deoptimize) done
Event: 1.736 Executing safepoint VM operation: Cleanup
Event: 1.736 Executing safepoint VM operation: Cleanup done

Memory protections (0 events):
No events

Nmethod flushes (0 events):
No events

Events (13 events):
Event: 0.111 Thread 0x00000204de2e0810 Thread added: 0x00000204de2e0810
Event: 0.199 Thread 0x00000204de2e0810 Thread added: 0x00000204f4aa0920
Event: 0.200 Thread 0x00000204de2e0810 Thread added: 0x00000204f4aa5520
Event: 0.200 Thread 0x00000204de2e0810 Thread added: 0x00000204f4aaa0c0
Event: 0.201 Thread 0x00000204de2e0810 Thread added: 0x00000204f4aaada0
Event: 0.201 Thread 0x00000204de2e0810 Thread added: 0x00000204f4aab800
Event: 0.201 Thread 0x00000204de2e0810 Thread added: 0x00000204f4aac260
Event: 0.201 Thread 0x00000204de2e0810 Thread added: 0x00000204f4ab10c0
Event: 0.203 Thread 0x00000204de2e0810 Thread added: 0x00000204f4acde10
Event: 0.558 Thread 0x00000204de2e0810 Thread added: 0x00000204f66137c0
Event: 1.576 Thread 0x00000204de2e0810 Thread added: 0x00000204f67ac9f0
Event: 1.868 Thread 0x00000204f4acde10 Thread added: 0x00000204f680cf50
Event: 1.869 Thread 0x00000204f4acde10 Thread added: 0x00000204f68094b0


Dynamic libraries:
0x00007ff6e2f90000 - 0x00007ff6e2f9e000 	c:\Users\thato\.vscode\extensions\redhat.java-1.55.0-win32-x64\jre\21.0.11-win32-x86_64\bin\java.exe
0x00007fff48ac0000 - 0x00007fff48d26000 	C:\WINDOWS\SYSTEM32\ntdll.dll
0x00007fff472e0000 - 0x00007fff473a9000 	C:\WINDOWS\System32\KERNEL32.DLL
0x00007fff46420000 - 0x00007fff4681f000 	C:\WINDOWS\System32\KERNELBASE.dll
0x00007fff45df0000 - 0x00007fff45f3c000 	C:\WINDOWS\System32\ucrtbase.dll
0x00007fff20140000 - 0x00007fff20158000 	c:\Users\thato\.vscode\extensions\redhat.java-1.55.0-win32-x64\jre\21.0.11-win32-x86_64\bin\jli.dll
0x00007fff48800000 - 0x00007fff489c6000 	C:\WINDOWS\System32\USER32.dll
0x00007fff256b0000 - 0x00007fff256ce000 	c:\Users\thato\.vscode\extensions\redhat.java-1.55.0-win32-x64\jre\21.0.11-win32-x86_64\bin\VCRUNTIME140.dll
0x00007fff31ca0000 - 0x00007fff31f31000 	C:\WINDOWS\WinSxS\amd64_microsoft.windows.common-controls_6595b64144ccf1df_6.0.26100.8972_none_3e0da176e32f9d4b\COMCTL32.dll
0x00007fff46900000 - 0x00007fff469a9000 	C:\WINDOWS\System32\msvcrt.dll
0x00007fff472b0000 - 0x00007fff472db000 	C:\WINDOWS\System32\GDI32.dll
0x00007fff45dc0000 - 0x00007fff45de7000 	C:\WINDOWS\System32\win32u.dll
0x00007fff460b0000 - 0x00007fff461d9000 	C:\WINDOWS\System32\gdi32full.dll
0x00007fff46370000 - 0x00007fff46413000 	C:\WINDOWS\System32\msvcp_win.dll
0x00007fff48430000 - 0x00007fff48462000 	C:\WINDOWS\System32\IMM32.DLL
0x00007fff2a690000 - 0x00007fff2a69c000 	c:\Users\thato\.vscode\extensions\redhat.java-1.55.0-win32-x64\jre\21.0.11-win32-x86_64\bin\vcruntime140_1.dll
0x00007fff05320000 - 0x00007fff053ad000 	c:\Users\thato\.vscode\extensions\redhat.java-1.55.0-win32-x64\jre\21.0.11-win32-x86_64\bin\msvcp140.dll
0x00007ffe4e100000 - 0x00007ffe4eea2000 	c:\Users\thato\.vscode\extensions\redhat.java-1.55.0-win32-x64\jre\21.0.11-win32-x86_64\bin\server\jvm.dll
0x00007fff47520000 - 0x00007fff475dc000 	C:\WINDOWS\System32\ADVAPI32.dll
0x00007fff489d0000 - 0x00007fff48a7a000 	C:\WINDOWS\System32\sechost.dll
0x00007fff475e0000 - 0x00007fff476f8000 	C:\WINDOWS\System32\RPCRT4.dll
0x00007fff48670000 - 0x00007fff486f2000 	C:\WINDOWS\System32\WS2_32.dll
0x00007fff45b90000 - 0x00007fff45bee000 	C:\WINDOWS\SYSTEM32\POWRPROF.dll
0x00007fff3ac10000 - 0x00007fff3ac46000 	C:\WINDOWS\SYSTEM32\WINMM.dll
0x00007fff34890000 - 0x00007fff3489b000 	C:\WINDOWS\SYSTEM32\VERSION.dll
0x00007fff45b60000 - 0x00007fff45b75000 	C:\WINDOWS\SYSTEM32\UMPDC.dll
0x00007fff44a50000 - 0x00007fff44a6b000 	C:\WINDOWS\SYSTEM32\kernel.appcore.dll
0x00007fff26db0000 - 0x00007fff26dba000 	c:\Users\thato\.vscode\extensions\redhat.java-1.55.0-win32-x64\jre\21.0.11-win32-x86_64\bin\jimage.dll
0x00007fff43310000 - 0x00007fff43552000 	C:\WINDOWS\SYSTEM32\DBGHELP.DLL
0x00007fff47ff0000 - 0x00007fff48375000 	C:\WINDOWS\System32\combase.dll
0x00007fff473c0000 - 0x00007fff47499000 	C:\WINDOWS\System32\OLEAUT32.dll
0x00007fff22e00000 - 0x00007fff22e3b000 	C:\WINDOWS\SYSTEM32\dbgcore.DLL
0x00007fff45f40000 - 0x00007fff45fec000 	C:\WINDOWS\System32\bcryptPrimitives.dll
0x00007fff26d60000 - 0x00007fff26d6f000 	c:\Users\thato\.vscode\extensions\redhat.java-1.55.0-win32-x64\jre\21.0.11-win32-x86_64\bin\instrument.dll
0x00007fff11630000 - 0x00007fff11650000 	c:\Users\thato\.vscode\extensions\redhat.java-1.55.0-win32-x64\jre\21.0.11-win32-x86_64\bin\java.dll
0x00007fff47700000 - 0x00007fff47e88000 	C:\WINDOWS\System32\SHELL32.dll
0x00007fff43840000 - 0x00007fff440db000 	C:\WINDOWS\SYSTEM32\windows.storage.dll
0x00007fff48700000 - 0x00007fff487f9000 	C:\WINDOWS\System32\SHCORE.dll
0x00007fff474b0000 - 0x00007fff47516000 	C:\WINDOWS\System32\shlwapi.dll
0x00007fff45c50000 - 0x00007fff45c79000 	C:\WINDOWS\SYSTEM32\profapi.dll
0x00007fff11610000 - 0x00007fff11628000 	c:\Users\thato\.vscode\extensions\redhat.java-1.55.0-win32-x64\jre\21.0.11-win32-x86_64\bin\zip.dll
0x00007fff22310000 - 0x00007fff22320000 	C:\Users\thato\.vscode\extensions\redhat.java-1.55.0-win32-x64\jre\21.0.11-win32-x86_64\bin\net.dll
0x00007fff34cc0000 - 0x00007fff34de8000 	C:\WINDOWS\SYSTEM32\WINHTTP.dll
0x00007fff44fc0000 - 0x00007fff4502c000 	C:\WINDOWS\system32\mswsock.dll
0x00007fff10c20000 - 0x00007fff10c36000 	C:\Users\thato\.vscode\extensions\redhat.java-1.55.0-win32-x64\jre\21.0.11-win32-x86_64\bin\nio.dll
0x00007fff13da0000 - 0x00007fff13db0000 	c:\Users\thato\.vscode\extensions\redhat.java-1.55.0-win32-x64\jre\21.0.11-win32-x86_64\bin\verify.dll

JVMTI agents:
c:\Users\thato\.vscode\extensions\redhat.java-1.55.0-win32-x64\lombok\lombok-1.18.39-4050.jar path:c:\Users\thato\.vscode\extensions\redhat.java-1.55.0-win32-x64\jre\21.0.11-win32-x86_64\bin\instrument.dll, loaded, initialized, instrumentlib options:none

dbghelp: loaded successfully - version: 4.0.5 - missing functions: none
symbol engine: initialized successfully - sym options: 0x614 - pdb path: .;c:\Users\thato\.vscode\extensions\redhat.java-1.55.0-win32-x64\jre\21.0.11-win32-x86_64\bin;C:\WINDOWS\SYSTEM32;C:\WINDOWS\WinSxS\amd64_microsoft.windows.common-controls_6595b64144ccf1df_6.0.26100.8972_none_3e0da176e32f9d4b;c:\Users\thato\.vscode\extensions\redhat.java-1.55.0-win32-x64\jre\21.0.11-win32-x86_64\bin\server

VM Arguments:
jvm_args: --add-modules=ALL-SYSTEM --add-opens=java.base/java.util=ALL-UNNAMED --add-opens=java.base/java.lang=ALL-UNNAMED --add-opens=java.base/sun.nio.fs=ALL-UNNAMED -Declipse.application=org.eclipse.jdt.ls.core.id1 -Dosgi.bundles.defaultStartLevel=4 -Declipse.product=org.eclipse.jdt.ls.core.product -Djava.import.generatesMetadataFilesAtProjectRoot=false -DDetectVMInstallationsJob.disabled=true -Dfile.encoding=utf8 -XX:+UseParallelGC -XX:GCTimeRatio=4 -XX:AdaptiveSizePolicyWeight=90 -Dsun.zip.disableMemoryMapping=true -Xmx2G -Xms100m -Xlog:disable -javaagent:c:\Users\thato\.vscode\extensions\redhat.java-1.55.0-win32-x64\lombok\lombok-1.18.39-4050.jar -XX:+HeapDumpOnOutOfMemoryError -XX:HeapDumpPath=c:\Users\thato\AppData\Roaming\Code\User\workspaceStorage\fdaac9f8ea1dd89cf8fb0ce9ab7427f0\redhat.java -Daether.dependencyCollector.impl=bf 
java_command: c:\Users\thato\.vscode\extensions\redhat.java-1.55.0-win32-x64\server\plugins\org.eclipse.equinox.launcher_1.7.200.v20260619-2039.jar -configuration c:\Users\thato\AppData\Roaming\Code\User\globalStorage\redhat.java\1.55.0\config_win -data c:\Users\thato\AppData\Roaming\Code\User\workspaceStorage\fdaac9f8ea1dd89cf8fb0ce9ab7427f0\redhat.java\jdt_ws --pipe=\\.\pipe\lsp-fed89651533841137f73e95bed1e9e4a-sock
java_class_path (initial): c:\Users\thato\.vscode\extensions\redhat.java-1.55.0-win32-x64\server\plugins\org.eclipse.equinox.launcher_1.7.200.v20260619-2039.jar
Launcher Type: SUN_STANDARD

[Global flags]
    uintx AdaptiveSizePolicyWeight                 = 90                                        {product} {command line}
     intx CICompilerCount                          = 4                                         {product} {ergonomic}
    uintx GCTimeRatio                              = 4                                         {product} {command line}
     bool HeapDumpOnOutOfMemoryError               = true                                   {manageable} {command line}
    ccstr HeapDumpPath                             = c:\Users\thato\AppData\Roaming\Code\User\workspaceStorage\fdaac9f8ea1dd89cf8fb0ce9ab7427f0\redhat.java         {manageable} {command line}
   size_t InitialHeapSize                          = 104857600                                 {product} {command line}
   size_t MaxHeapSize                              = 2147483648                                {product} {command line}
   size_t MaxNewSize                               = 715653120                                 {product} {ergonomic}
   size_t MinHeapDeltaBytes                        = 524288                                    {product} {ergonomic}
   size_t MinHeapSize                              = 104857600                                 {product} {command line}
   size_t NewSize                                  = 34603008                                  {product} {ergonomic}
    uintx NonNMethodCodeHeapSize                   = 5839372                                {pd product} {ergonomic}
    uintx NonProfiledCodeHeapSize                  = 122909434                              {pd product} {ergonomic}
   size_t OldSize                                  = 70254592                                  {product} {ergonomic}
    uintx ProfiledCodeHeapSize                     = 122909434                              {pd product} {ergonomic}
    uintx ReservedCodeCacheSize                    = 251658240                              {pd product} {ergonomic}
     bool SegmentedCodeCache                       = true                                      {product} {ergonomic}
   size_t SoftMaxHeapSize                          = 2147483648                             {manageable} {ergonomic}
     bool UseCompressedOops                        = true                           {product lp64_product} {ergonomic}
     bool UseLargePagesIndividualAllocation        = false                                  {pd product} {ergonomic}
     bool UseParallelGC                            = true                                      {product} {command line}

Logging:
Log output configuration:
 #0: stdout all=off uptime,level,tags foldmultilines=false
 #1: stderr all=off uptime,level,tags foldmultilines=false

Release file:
JAVA_VERSION="21.0.11" 
MODULES="java.base java.compiler java.datatransfer java.xml java.prefs java.desktop java.instrument java.logging java.management java.security.sasl java.naming java.rmi java.management.rmi java.net.http java.scripting java.security.jgss java.transaction.xa java.sql java.sql.rowset java.xml.crypto java.se java.smartcardio jdk.accessibility jdk.internal.jvmstat jdk.attach jdk.charsets jdk.internal.opt jdk.zipfs jdk.compiler jdk.crypto.ec jdk.crypto.cryptoki jdk.crypto.mscapi jdk.dynalink jdk.internal.ed jdk.editpad jdk.hotspot.agent jdk.httpserver jdk.internal.le jdk.internal.vm.ci jdk.internal.vm.compiler jdk.internal.vm.compiler.management jdk.jartool jdk.javadoc jdk.jcmd jdk.management jdk.management.agent jdk.jconsole jdk.jdeps jdk.jdwp.agent jdk.jdi jdk.jfr jdk.jshell jdk.jsobject jdk.jstatd jdk.localedata jdk.management.jfr jdk.naming.dns jdk.naming.rmi jdk.net jdk.nio.mapmode jdk.random jdk.sctp jdk.security.auth jdk.security.jgss jdk.unsupported jdk.unsupported.desktop jdk.xml.dom" 

Environment Variables:
PATH=C:\Program Files\Common Files\Oracle\Java\javapath;C:\Program Files (x86)\Common Files\Oracle\Java\java8path;C:\Program Files (x86)\Common Files\Oracle\Java\javapath;C:\Python314\Scripts\;C:\Python314\;C:\WINDOWS\system32;C:\WINDOWS;C:\WINDOWS\System32\Wbem;C:\WINDOWS\System32\WindowsPowerShell\v1.0\;C:\WINDOWS\System32\OpenSSH\;C:\Program Files (x86)\Windows Kits\10\Windows Performance Toolkit\;C:\ProgramData\chocolatey\bin;C:\Program Files\nodejs\;C:\Program Files\Git\cmd;C:\Program Files\GitHub CLI\;C:\Program Files\Docker\Docker\resources\bin;C:\Users\thato\AppData\Local\Microsoft\WindowsApps;C:\Users\thato\AppData\Local\Programs\Microsoft VS Code\bin;C:\Users\thato\AppData\Roaming\npm;C:\ProgramData\thato\GitHubDesktop\bin;
USERNAME=thato
OS=Windows_NT
PROCESSOR_IDENTIFIER=Intel64 Family 6 Model 140 Stepping 1, GenuineIntel
TMP=C:\Users\thato\AppData\Local\Temp
TEMP=C:\Users\thato\AppData\Local\Temp




Periodic native trim disabled

---------------  S Y S T E M  ---------------

OS:
 Windows 11 , 64 bit Build 26100 (10.0.26100.9168)
OS uptime: 0 days 3:50 hours
Hyper-V role detected

CPU: total 8 (initial active 8) (4 cores per cpu, 2 threads per core) family 6 model 140 stepping 1 microcode 0xbe, cx8, cmov, fxsr, ht, mmx, 3dnowpref, sse, sse2, sse3, ssse3, sse4.1, sse4.2, popcnt, lzcnt, tsc, tscinvbit, avx, avx2, aes, erms, clmul, bmi1, bmi2, adx, avx512f, avx512dq, avx512cd, avx512bw, avx512vl, sha, fma, vzeroupper, avx512_vpopcntdq, avx512_vpclmulqdq, avx512_vaes, avx512_vnni, clflush, clflushopt, clwb, avx512_vbmi2, avx512_vbmi, hv, rdtscp, rdpid, fsrm, gfni, avx512_bitalg, f16c, cet_ibt, cet_ss, avx512_ifma
Processor Information for processor 0
  Max Mhz: 2419, Current Mhz: 2419, Mhz Limit: 2419
Processor Information for processor 1
  Max Mhz: 2419, Current Mhz: 2419, Mhz Limit: 2419
Processor Information for processor 2
  Max Mhz: 2419, Current Mhz: 1007, Mhz Limit: 2419
Processor Information for processor 3
  Max Mhz: 2419, Current Mhz: 2419, Mhz Limit: 2419
Processor Information for processor 4
  Max Mhz: 2419, Current Mhz: 2419, Mhz Limit: 2419
Processor Information for processor 5
  Max Mhz: 2419, Current Mhz: 2419, Mhz Limit: 2419
Processor Information for processor 6
  Max Mhz: 2419, Current Mhz: 2419, Mhz Limit: 2419
Processor Information for processor 7
  Max Mhz: 2419, Current Mhz: 2419, Mhz Limit: 2419

Memory: 4k page, system-wide physical 16064M (630M free)
TotalPageFile size 20298M (AvailPageFile size 1M)
current process WorkingSet (physical memory assigned to process): 60M, peak: 60M
current process commit charge ("private bytes"): 230M, peak: 230M

vm_info: OpenJDK 64-Bit Server VM (21.0.11+10-LTS) for windows-amd64 JRE (21.0.11+10-LTS), built on 2026-04-21T00:00:00Z by "admin" with MS VC++ 17.12 (VS2022)

END.
